
> @figma/my-make-file@0.0.1 build
> cd server && npm run build && cd .. && vite build


> spotics-server@0.1.0 build
> tsc -p tsconfig.json

vite v5.4.21 building for production...
transforming...
[plugin:vite:esbuild] [plugin vite:esbuild] src/app/pages/Analytics.tsx: Duplicate "fillOpacity" attribute in JSX element
220|                    <PolarAngleAxis dataKey="category" tick={{ fill: 'white', fontSize: 12 }} />
221|                    <PolarRadiusAxis angle={90} domain={[0, 100]} tick={{ fill: 'white' }} />
222|                    <Radar name="Taste" dataKey="value" stroke="#a855f7" fill="#a855f7" fillOpacity={0.3} fillOpacity={0.6} />
   |                                                                                                          ^
223|                  </RadarChart>
224|                </ResponsiveContainer>

✓ 2973 modules transformed.

(!) The public directory feature may not work correctly. outDir /home/waly/spotics/public and publicDir /home/waly/spotics/public are not separate folders.

rendering chunks...
computing gzip size...
public/index.html                     1.23 kB │ gzip:   0.58 kB
public/assets/index-D5KlnhRg.css    231.55 kB │ gzip:  27.57 kB
public/assets/index-Dnu9O90M.js   1,556.39 kB │ gzip: 416.23 kB

(!) Some chunks are larger than 500 kB after minification. Consider:
- Using dynamic import() to code-split the application
- Use build.rollupOptions.output.manualChunks to improve chunking: https://rollupjs.org/configuration-options/#output-manualchunks
- Adjust chunk size limit for this warning via build.chunkSizeWarningLimit.
✓ built in 39.05s
